  Determining projects to restore...
  Restored D:\TheSeatLine\TheSeatLineApi\TheSeatLineApi.csproj (in 2.83 sec).
D:\TheSeatLine\TheSeatLineApi\Migrations\20260122164629_user migration.cs(9,26): warning CS8981: The type name 'usermigration' only contains lower-cased ascii characters. Such names may become reserved for the language. [D:\TheSeatLine\TheSeatLineApi\TheSeatLineApi.csproj]
D:\TheSeatLine\TheSeatLineApi\Migrations\20260122164629_user migration.Designer.cs(17,19): warning CS8981: The type name 'usermigration' only contains lower-cased ascii characters. Such names may become reserved for the language. [D:\TheSeatLine\TheSeatLineApi\TheSeatLineApi.csproj]
D:\TheSeatLine\TheSeatLineApi\AuthServices\DTOs\RegisterDto.cs(6,19): warning CS8618: Non-nullable property 'Email' must contain a non-null value when exiting constructor. Consider adding the 'required' modifier or declaring the property as nullable. [D:\TheSeatLine\TheSeatLineApi\TheSeatLineApi.csproj]
D:\TheSeatLine\TheSeatLineApi\AuthServices\DTOs\RegisterDto.cs(10,19): warning CS8618: Non-nullable property 'Password' must contain a non-null value when exiting constructor. Consider adding the 'required' modifier or declaring the property as nullable. [D:\TheSeatLine\TheSeatLineApi\TheSeatLineApi.csproj]
D:\TheSeatLine\TheSeatLineApi\AuthServices\DTOs\RegisterDto.cs(13,19): warning CS8618: Non-nullable property 'ConfirmPassword' must contain a non-null value when exiting constructor. Consider adding the 'required' modifier or declaring the property as nullable. [D:\TheSeatLine\TheSeatLineApi\TheSeatLineApi.csproj]
D:\TheSeatLine\TheSeatLineApi\AuthServices\DTOs\RegisterDto.cs(16,19): warning CS8618: Non-nullable property 'FirstName' must contain a non-null value when exiting constructor. Consider adding the 'required' modifier or declaring the property as nullable. [D:\TheSeatLine\TheSeatLineApi\TheSeatLineApi.csproj]
D:\TheSeatLine\TheSeatLineApi\AuthServices\DTOs\RegisterDto.cs(19,19): warning CS8618: Non-nullable property 'LastName' must contain a non-null value when exiting constructor. Consider adding the 'required' modifier or declaring the property as nullable. [D:\TheSeatLine\TheSeatLineApi\TheSeatLineApi.csproj]
D:\TheSeatLine\TheSeatLineApi\AuthServices\DTOs\LoginDto.cs(6,19): warning CS8618: Non-nullable property 'Email' must contain a non-null value when exiting constructor. Consider adding the 'required' modifier or declaring the property as nullable. [D:\TheSeatLine\TheSeatLineApi\TheSeatLineApi.csproj]
D:\TheSeatLine\TheSeatLineApi\AuthServices\DTOs\LoginDto.cs(9,19): warning CS8618: Non-nullable property 'Password' must contain a non-null value when exiting constructor. Consider adding the 'required' modifier or declaring the property as nullable. [D:\TheSeatLine\TheSeatLineApi\TheSeatLineApi.csproj]
D:\TheSeatLine\TheSeatLineApi\AuthServices\DTOs\AuthResponseDto.cs(5,19): warning CS8618: Non-nullable property 'AccessToken' must contain a non-null value when exiting constructor. Consider adding the 'required' modifier or declaring the property as nullable. [D:\TheSeatLine\TheSeatLineApi\TheSeatLineApi.csproj]
D:\TheSeatLine\TheSeatLineApi\AuthServices\DTOs\AuthResponseDto.cs(6,19): warning CS8618: Non-nullable property 'RefreshToken' must contain a non-null value when exiting constructor. Consider adding the 'required' modifier or declaring the property as nullable. [D:\TheSeatLine\TheSeatLineApi\TheSeatLineApi.csproj]
D:\TheSeatLine\TheSeatLineApi\AuthServices\DTOs\AuthResponseDto.cs(9,27): warning CS8618: Non-nullable property 'User' must contain a non-null value when exiting constructor. Consider adding the 'required' modifier or declaring the property as nullable. [D:\TheSeatLine\TheSeatLineApi\TheSeatLineApi.csproj]
D:\TheSeatLine\TheSeatLineApi\MasterServices\Entity\CityEntity.cs(4,19): warning CS8618: Non-nullable property 'Name' must contain a non-null value when exiting constructor. Consider adding the 'required' modifier or declaring the property as nullable. [D:\TheSeatLine\TheSeatLineApi\TheSeatLineApi.csproj]
D:\TheSeatLine\TheSeatLineApi\MasterServices\Entity\CityEntity.cs(5,19): warning CS8618: Non-nullable property 'State' must contain a non-null value when exiting constructor. Consider adding the 'required' modifier or declaring the property as nullable. [D:\TheSeatLine\TheSeatLineApi\TheSeatLineApi.csproj]
D:\TheSeatLine\TheSeatLineApi\MasterServices\Entity\CityEntity.cs(6,19): warning CS8618: Non-nullable property 'Country' must contain a non-null value when exiting constructor. Consider adding the 'required' modifier or declaring the property as nullable. [D:\TheSeatLine\TheSeatLineApi\TheSeatLineApi.csproj]
D:\TheSeatLine\TheSeatLineApi\BookingServices\DTOs\VenueDetailDto.cs(6,23): warning CS8618: Non-nullable property 'Name' must contain a non-null value when exiting constructor. Consider adding the 'required' modifier or declaring the property as nullable. [D:\TheSeatLine\TheSeatLineApi\TheSeatLineApi.csproj]
D:\TheSeatLine\TheSeatLineApi\BookingServices\DTOs\VenueDetailDto.cs(8,23): warning CS8618: Non-nullable property 'City' must contain a non-null value when exiting constructor. Consider adding the 'required' modifier or declaring the property as nullable. [D:\TheSeatLine\TheSeatLineApi\TheSeatLineApi.csproj]
D:\TheSeatLine\TheSeatLineApi\BookingServices\DTOs\TransferBookingRequestDto.cs(9,23): warning CS8618: Non-nullable property 'RecipientEmail' must contain a non-null value when exiting constructor. Consider adding the 'required' modifier or declaring the property as nullable. [D:\TheSeatLine\TheSeatLineApi\TheSeatLineApi.csproj]
D:\TheSeatLine\TheSeatLineApi\BookingServices\DTOs\ShowDetailDto.cs(7,23): warning CS8618: Non-nullable property 'Title' must contain a non-null value when exiting constructor. Consider adding the 'required' modifier or declaring the property as nullable. [D:\TheSeatLine\TheSeatLineApi\TheSeatLineApi.csproj]
D:\TheSeatLine\TheSeatLineApi\BookingServices\DTOs\ShowDetailDto.cs(10,23): warning CS8618: Non-nullable property 'ShowTime' must contain a non-null value when exiting constructor. Consider adding the 'required' modifier or declaring the property as nullable. [D:\TheSeatLine\TheSeatLineApi\TheSeatLineApi.csproj]
D:\TheSeatLine\TheSeatLineApi\MasterServices\DTOs\VenueDTOs.cs(8,23): warning CS8618: Non-nullable property 'Name' must contain a non-null value when exiting constructor. Consider adding the 'required' modifier or declaring the property as nullable. [D:\TheSeatLine\TheSeatLineApi\TheSeatLineApi.csproj]
D:\TheSeatLine\TheSeatLineApi\MasterServices\DTOs\VenueDTOs.cs(10,23): warning CS8618: Non-nullable property 'CityName' must contain a non-null value when exiting constructor. Consider adding the 'required' modifier or declaring the property as nullable. [D:\TheSeatLine\TheSeatLineApi\TheSeatLineApi.csproj]
D:\TheSeatLine\TheSeatLineApi\MasterServices\DTOs\ShowSeatCategoryDTOs.cs(25,23): warning CS8618: Non-nullable property 'EventTitle' must contain a non-null value when exiting constructor. Consider adding the 'required' modifier or declaring the property as nullable. [D:\TheSeatLine\TheSeatLineApi\TheSeatLineApi.csproj]
D:\TheSeatLine\TheSeatLineApi\MasterServices\DTOs\ShowSeatCategoryDTOs.cs(27,23): warning CS8618: Non-nullable property 'VenueName' must contain a non-null value when exiting constructor. Consider adding the 'required' modifier or declaring the property as nullable. [D:\TheSeatLine\TheSeatLineApi\TheSeatLineApi.csproj]
D:\TheSeatLine\TheSeatLineApi\MasterServices\DTOs\ShowSeatCategoryDTOs.cs(31,23): warning CS8618: Non-nullable property 'SeatCategoryName' must contain a non-null value when exiting constructor. Consider adding the 'required' modifier or declaring the property as nullable. [D:\TheSeatLine\TheSeatLineApi\TheSeatLineApi.csproj]
D:\TheSeatLine\TheSeatLineApi\MasterServices\DTOs\ShowSeatCategoryDTOs.cs(9,23): warning CS8618: Non-nullable property 'SeatCategoryName' must contain a non-null value when exiting constructor. Consider adding the 'required' modifier or declaring the property as nullable. [D:\TheSeatLine\TheSeatLineApi\TheSeatLineApi.csproj]
D:\TheSeatLine\TheSeatLineApi\MasterServices\DTOs\ShowDTOs.cs(21,23): warning CS8618: Non-nullable property 'EventTitle' must contain a non-null value when exiting constructor. Consider adding the 'required' modifier or declaring the property as nullable. [D:\TheSeatLine\TheSeatLineApi\TheSeatLineApi.csproj]
D:\TheSeatLine\TheSeatLineApi\MasterServices\DTOs\ShowDTOs.cs(25,23): warning CS8618: Non-nullable property 'VenueName' must contain a non-null value when exiting constructor. Consider adding the 'required' modifier or declaring the property as nullable. [D:\TheSeatLine\TheSeatLineApi\TheSeatLineApi.csproj]
D:\TheSeatLine\TheSeatLineApi\BookingServices\Controller\BookingController.cs(73,44): warning CS8625: Cannot convert null literal to non-nullable reference type. [D:\TheSeatLine\TheSeatLineApi\TheSeatLineApi.csproj]
D:\TheSeatLine\TheSeatLineApi\MasterServices\DTOs\CityDTOs.cs(5,23): warning CS8618: Non-nullable property 'Name' must contain a non-null value when exiting constructor. Consider adding the 'required' modifier or declaring the property as nullable. [D:\TheSeatLine\TheSeatLineApi\TheSeatLineApi.csproj]
D:\TheSeatLine\TheSeatLineApi\MasterServices\DTOs\CityDTOs.cs(6,23): warning CS8618: Non-nullable property 'State' must contain a non-null value when exiting constructor. Consider adding the 'required' modifier or declaring the property as nullable. [D:\TheSeatLine\TheSeatLineApi\TheSeatLineApi.csproj]
D:\TheSeatLine\TheSeatLineApi\MasterServices\DTOs\CityDTOs.cs(7,23): warning CS8618: Non-nullable property 'Country' must contain a non-null value when exiting constructor. Consider adding the 'required' modifier or declaring the property as nullable. [D:\TheSeatLine\TheSeatLineApi\TheSeatLineApi.csproj]
D:\TheSeatLine\TheSeatLineApi\MasterServices\Controller\VenueController.cs(82,44): warning CS8625: Cannot convert null literal to non-nullable reference type. [D:\TheSeatLine\TheSeatLineApi\TheSeatLineApi.csproj]
D:\TheSeatLine\TheSeatLineApi\BookingServices\Controller\BookingController.cs(88,44): warning CS8625: Cannot convert null literal to non-nullable reference type. [D:\TheSeatLine\TheSeatLineApi\TheSeatLineApi.csproj]
D:\TheSeatLine\TheSeatLineApi\BookingServices\Controller\CouponController.cs(70,44): warning CS8625: Cannot convert null literal to non-nullable reference type. [D:\TheSeatLine\TheSeatLineApi\TheSeatLineApi.csproj]
D:\TheSeatLine\TheSeatLineApi\MasterServices\Controller\VenueController.cs(97,44): warning CS8625: Cannot convert null literal to non-nullable reference type. [D:\TheSeatLine\TheSeatLineApi\TheSeatLineApi.csproj]
D:\TheSeatLine\TheSeatLineApi\BookingServices\Controller\BookingController.cs(103,44): warning CS8625: Cannot convert null literal to non-nullable reference type. [D:\TheSeatLine\TheSeatLineApi\TheSeatLineApi.csproj]
D:\TheSeatLine\TheSeatLineApi\BookingServices\Controller\CouponController.cs(85,44): warning CS8625: Cannot convert null literal to non-nullable reference type. [D:\TheSeatLine\TheSeatLineApi\TheSeatLineApi.csproj]
D:\TheSeatLine\TheSeatLineApi\MasterServices\Controller\CityController.cs(51,44): warning CS8625: Cannot convert null literal to non-nullable reference type. [D:\TheSeatLine\TheSeatLineApi\TheSeatLineApi.csproj]
D:\TheSeatLine\TheSeatLineApi\BookingServices\Business\PaymentBusiness.cs(54,41): error CS1061: 'Booking' does not contain a definition for 'BookingSeats' and no accessible extension method 'BookingSeats' accepting a first argument of type 'Booking' could be found (are you missing a using directive or an assembly reference?) [D:\TheSeatLine\TheSeatLineApi\TheSeatLineApi.csproj]
D:\TheSeatLine\TheSeatLineApi\MasterServices\Controller\EventController.cs(69,44): warning CS8625: Cannot convert null literal to non-nullable reference type. [D:\TheSeatLine\TheSeatLineApi\TheSeatLineApi.csproj]
D:\TheSeatLine\TheSeatLineApi\MasterServices\Controller\SeatController.cs(68,44): warning CS8625: Cannot convert null literal to non-nullable reference type. [D:\TheSeatLine\TheSeatLineApi\TheSeatLineApi.csproj]
D:\TheSeatLine\TheSeatLineApi\MasterServices\Controller\EventController.cs(84,44): warning CS8625: Cannot convert null literal to non-nullable reference type. [D:\TheSeatLine\TheSeatLineApi\TheSeatLineApi.csproj]
D:\TheSeatLine\TheSeatLineApi\MasterServices\Controller\SeatController.cs(83,44): warning CS8625: Cannot convert null literal to non-nullable reference type. [D:\TheSeatLine\TheSeatLineApi\TheSeatLineApi.csproj]
D:\TheSeatLine\TheSeatLineApi\AuthServices\Business\AuthBusiness.cs(142,87): warning CS8629: Nullable value type may be null. [D:\TheSeatLine\TheSeatLineApi\TheSeatLineApi.csproj]
D:\TheSeatLine\TheSeatLineApi\AuthServices\Business\AuthBusiness.cs(144,29): warning CS8629: Nullable value type may be null. [D:\TheSeatLine\TheSeatLineApi\TheSeatLineApi.csproj]
D:\TheSeatLine\TheSeatLineApi\MasterServices\Controller\ReviewController.cs(70,44): warning CS8625: Cannot convert null literal to non-nullable reference type. [D:\TheSeatLine\TheSeatLineApi\TheSeatLineApi.csproj]
D:\TheSeatLine\TheSeatLineApi\BookingServices\Business\PaymentBusiness.cs(84,41): error CS1061: 'Booking' does not contain a definition for 'BookingSeats' and no accessible extension method 'BookingSeats' accepting a first argument of type 'Booking' could be found (are you missing a using directive or an assembly reference?) [D:\TheSeatLine\TheSeatLineApi\TheSeatLineApi.csproj]
D:\TheSeatLine\TheSeatLineApi\BookingServices\Business\BookingBusiness.cs(61,26): error CS1061: 'AppDbContext' does not contain a definition for 'BookingSeats' and no accessible extension method 'BookingSeats' accepting a first argument of type 'AppDbContext' could be found (are you missing a using directive or an assembly reference?) [D:\TheSeatLine\TheSeatLineApi\TheSeatLineApi.csproj]
D:\TheSeatLine\TheSeatLineApi\BookingServices\Business\BookingBusiness.cs(61,47): error CS0246: The type or namespace name 'BookingSeat' could not be found (are you missing a using directive or an assembly reference?) [D:\TheSeatLine\TheSeatLineApi\TheSeatLineApi.csproj]
D:\TheSeatLine\TheSeatLineApi\BookingServices\Business\BookingBusiness.cs(82,33): error CS1061: 'Booking' does not contain a definition for 'BookingSeats' and no accessible extension method 'BookingSeats' accepting a first argument of type 'Booking' could be found (are you missing a using directive or an assembly reference?) [D:\TheSeatLine\TheSeatLineApi\TheSeatLineApi.csproj]
D:\TheSeatLine\TheSeatLineApi\BookingServices\Business\BookingBusiness.cs(98,33): error CS1061: 'Booking' does not contain a definition for 'BookingSeats' and no accessible extension method 'BookingSeats' accepting a first argument of type 'Booking' could be found (are you missing a using directive or an assembly reference?) [D:\TheSeatLine\TheSeatLineApi\TheSeatLineApi.csproj]
D:\TheSeatLine\TheSeatLineApi\BookingServices\Business\BookingBusiness.cs(109,33): error CS1061: 'Booking' does not contain a definition for 'BookingSeats' and no accessible extension method 'BookingSeats' accepting a first argument of type 'Booking' could be found (are you missing a using directive or an assembly reference?) [D:\TheSeatLine\TheSeatLineApi\TheSeatLineApi.csproj]
D:\TheSeatLine\TheSeatLineApi\BookingServices\Business\BookingBusiness.cs(157,33): error CS1061: 'Booking' does not contain a definition for 'BookingSeats' and no accessible extension method 'BookingSeats' accepting a first argument of type 'Booking' could be found (are you missing a using directive or an assembly reference?) [D:\TheSeatLine\TheSeatLineApi\TheSeatLineApi.csproj]

Build FAILED.

D:\TheSeatLine\TheSeatLineApi\Migrations\20260122164629_user migration.cs(9,26): warning CS8981: The type name 'usermigration' only contains lower-cased ascii characters. Such names may become reserved for the language. [D:\TheSeatLine\TheSeatLineApi\TheSeatLineApi.csproj]
D:\TheSeatLine\TheSeatLineApi\Migrations\20260122164629_user migration.Designer.cs(17,19): warning CS8981: The type name 'usermigration' only contains lower-cased ascii characters. Such names may become reserved for the language. [D:\TheSeatLine\TheSeatLineApi\TheSeatLineApi.csproj]
D:\TheSeatLine\TheSeatLineApi\AuthServices\DTOs\RegisterDto.cs(6,19): warning CS8618: Non-nullable property 'Email' must contain a non-null value when exiting constructor. Consider adding the 'required' modifier or declaring the property as nullable. [D:\TheSeatLine\TheSeatLineApi\TheSeatLineApi.csproj]
D:\TheSeatLine\TheSeatLineApi\AuthServices\DTOs\RegisterDto.cs(10,19): warning CS8618: Non-nullable property 'Password' must contain a non-null value when exiting constructor. Consider adding the 'required' modifier or declaring the property as nullable. [D:\TheSeatLine\TheSeatLineApi\TheSeatLineApi.csproj]
D:\TheSeatLine\TheSeatLineApi\AuthServices\DTOs\RegisterDto.cs(13,19): warning CS8618: Non-nullable property 'ConfirmPassword' must contain a non-null value when exiting constructor. Consider adding the 'required' modifier or declaring the property as nullable. [D:\TheSeatLine\TheSeatLineApi\TheSeatLineApi.csproj]
D:\TheSeatLine\TheSeatLineApi\AuthServices\DTOs\RegisterDto.cs(16,19): warning CS8618: Non-nullable property 'FirstName' must contain a non-null value when exiting constructor. Consider adding the 'required' modifier or declaring the property as nullable. [D:\TheSeatLine\TheSeatLineApi\TheSeatLineApi.csproj]
D:\TheSeatLine\TheSeatLineApi\AuthServices\DTOs\RegisterDto.cs(19,19): warning CS8618: Non-nullable property 'LastName' must contain a non-null value when exiting constructor. Consider adding the 'required' modifier or declaring the property as nullable. [D:\TheSeatLine\TheSeatLineApi\TheSeatLineApi.csproj]
D:\TheSeatLine\TheSeatLineApi\AuthServices\DTOs\LoginDto.cs(6,19): warning CS8618: Non-nullable property 'Email' must contain a non-null value when exiting constructor. Consider adding the 'required' modifier or declaring the property as nullable. [D:\TheSeatLine\TheSeatLineApi\TheSeatLineApi.csproj]
D:\TheSeatLine\TheSeatLineApi\AuthServices\DTOs\LoginDto.cs(9,19): warning CS8618: Non-nullable property 'Password' must contain a non-null value when exiting constructor. Consider adding the 'required' modifier or declaring the property as nullable. [D:\TheSeatLine\TheSeatLineApi\TheSeatLineApi.csproj]
D:\TheSeatLine\TheSeatLineApi\AuthServices\DTOs\AuthResponseDto.cs(5,19): warning CS8618: Non-nullable property 'AccessToken' must contain a non-null value when exiting constructor. Consider adding the 'required' modifier or declaring the property as nullable. [D:\TheSeatLine\TheSeatLineApi\TheSeatLineApi.csproj]
D:\TheSeatLine\TheSeatLineApi\AuthServices\DTOs\AuthResponseDto.cs(6,19): warning CS8618: Non-nullable property 'RefreshToken' must contain a non-null value when exiting constructor. Consider adding the 'required' modifier or declaring the property as nullable. [D:\TheSeatLine\TheSeatLineApi\TheSeatLineApi.csproj]
D:\TheSeatLine\TheSeatLineApi\AuthServices\DTOs\AuthResponseDto.cs(9,27): warning CS8618: Non-nullable property 'User' must contain a non-null value when exiting constructor. Consider adding the 'required' modifier or declaring the property as nullable. [D:\TheSeatLine\TheSeatLineApi\TheSeatLineApi.csproj]
D:\TheSeatLine\TheSeatLineApi\MasterServices\Entity\CityEntity.cs(4,19): warning CS8618: Non-nullable property 'Name' must contain a non-null value when exiting constructor. Consider adding the 'required' modifier or declaring the property as nullable. [D:\TheSeatLine\TheSeatLineApi\TheSeatLineApi.csproj]
D:\TheSeatLine\TheSeatLineApi\MasterServices\Entity\CityEntity.cs(5,19): warning CS8618: Non-nullable property 'State' must contain a non-null value when exiting constructor. Consider adding the 'required' modifier or declaring the property as nullable. [D:\TheSeatLine\TheSeatLineApi\TheSeatLineApi.csproj]
D:\TheSeatLine\TheSeatLineApi\MasterServices\Entity\CityEntity.cs(6,19): warning CS8618: Non-nullable property 'Country' must contain a non-null value when exiting constructor. Consider adding the 'required' modifier or declaring the property as nullable. [D:\TheSeatLine\TheSeatLineApi\TheSeatLineApi.csproj]
D:\TheSeatLine\TheSeatLineApi\BookingServices\DTOs\VenueDetailDto.cs(6,23): warning CS8618: Non-nullable property 'Name' must contain a non-null value when exiting constructor. Consider adding the 'required' modifier or declaring the property as nullable. [D:\TheSeatLine\TheSeatLineApi\TheSeatLineApi.csproj]
D:\TheSeatLine\TheSeatLineApi\BookingServices\DTOs\VenueDetailDto.cs(8,23): warning CS8618: Non-nullable property 'City' must contain a non-null value when exiting constructor. Consider adding the 'required' modifier or declaring the property as nullable. [D:\TheSeatLine\TheSeatLineApi\TheSeatLineApi.csproj]
D:\TheSeatLine\TheSeatLineApi\BookingServices\DTOs\TransferBookingRequestDto.cs(9,23): warning CS8618: Non-nullable property 'RecipientEmail' must contain a non-null value when exiting constructor. Consider adding the 'required' modifier or declaring the property as nullable. [D:\TheSeatLine\TheSeatLineApi\TheSeatLineApi.csproj]
D:\TheSeatLine\TheSeatLineApi\BookingServices\DTOs\ShowDetailDto.cs(7,23): warning CS8618: Non-nullable property 'Title' must contain a non-null value when exiting constructor. Consider adding the 'required' modifier or declaring the property as nullable. [D:\TheSeatLine\TheSeatLineApi\TheSeatLineApi.csproj]
D:\TheSeatLine\TheSeatLineApi\BookingServices\DTOs\ShowDetailDto.cs(10,23): warning CS8618: Non-nullable property 'ShowTime' must contain a non-null value when exiting constructor. Consider adding the 'required' modifier or declaring the property as nullable. [D:\TheSeatLine\TheSeatLineApi\TheSeatLineApi.csproj]
D:\TheSeatLine\TheSeatLineApi\MasterServices\DTOs\VenueDTOs.cs(8,23): warning CS8618: Non-nullable property 'Name' must contain a non-null value when exiting constructor. Consider adding the 'required' modifier or declaring the property as nullable. [D:\TheSeatLine\TheSeatLineApi\TheSeatLineApi.csproj]
D:\TheSeatLine\TheSeatLineApi\MasterServices\DTOs\VenueDTOs.cs(10,23): warning CS8618: Non-nullable property 'CityName' must contain a non-null value when exiting constructor. Consider adding the 'required' modifier or declaring the property as nullable. [D:\TheSeatLine\TheSeatLineApi\TheSeatLineApi.csproj]
D:\TheSeatLine\TheSeatLineApi\MasterServices\DTOs\ShowSeatCategoryDTOs.cs(25,23): warning CS8618: Non-nullable property 'EventTitle' must contain a non-null value when exiting constructor. Consider adding the 'required' modifier or declaring the property as nullable. [D:\TheSeatLine\TheSeatLineApi\TheSeatLineApi.csproj]
D:\TheSeatLine\TheSeatLineApi\MasterServices\DTOs\ShowSeatCategoryDTOs.cs(27,23): warning CS8618: Non-nullable property 'VenueName' must contain a non-null value when exiting constructor. Consider adding the 'required' modifier or declaring the property as nullable. [D:\TheSeatLine\TheSeatLineApi\TheSeatLineApi.csproj]
D:\TheSeatLine\TheSeatLineApi\MasterServices\DTOs\ShowSeatCategoryDTOs.cs(31,23): warning CS8618: Non-nullable property 'SeatCategoryName' must contain a non-null value when exiting constructor. Consider adding the 'required' modifier or declaring the property as nullable. [D:\TheSeatLine\TheSeatLineApi\TheSeatLineApi.csproj]
D:\TheSeatLine\TheSeatLineApi\MasterServices\DTOs\ShowSeatCategoryDTOs.cs(9,23): warning CS8618: Non-nullable property 'SeatCategoryName' must contain a non-null value when exiting constructor. Consider adding the 'required' modifier or declaring the property as nullable. [D:\TheSeatLine\TheSeatLineApi\TheSeatLineApi.csproj]
D:\TheSeatLine\TheSeatLineApi\MasterServices\DTOs\ShowDTOs.cs(21,23): warning CS8618: Non-nullable property 'EventTitle' must contain a non-null value when exiting constructor. Consider adding the 'required' modifier or declaring the property as nullable. [D:\TheSeatLine\TheSeatLineApi\TheSeatLineApi.csproj]
D:\TheSeatLine\TheSeatLineApi\MasterServices\DTOs\ShowDTOs.cs(25,23): warning CS8618: Non-nullable property 'VenueName' must contain a non-null value when exiting constructor. Consider adding the 'required' modifier or declaring the property as nullable. [D:\TheSeatLine\TheSeatLineApi\TheSeatLineApi.csproj]
D:\TheSeatLine\TheSeatLineApi\BookingServices\Controller\BookingController.cs(73,44): warning CS8625: Cannot convert null literal to non-nullable reference type. [D:\TheSeatLine\TheSeatLineApi\TheSeatLineApi.csproj]
D:\TheSeatLine\TheSeatLineApi\MasterServices\DTOs\CityDTOs.cs(5,23): warning CS8618: Non-nullable property 'Name' must contain a non-null value when exiting constructor. Consider adding the 'required' modifier or declaring the property as nullable. [D:\TheSeatLine\TheSeatLineApi\TheSeatLineApi.csproj]
D:\TheSeatLine\TheSeatLineApi\MasterServices\DTOs\CityDTOs.cs(6,23): warning CS8618: Non-nullable property 'State' must contain a non-null value when exiting constructor. Consider adding the 'required' modifier or declaring the property as nullable. [D:\TheSeatLine\TheSeatLineApi\TheSeatLineApi.csproj]
D:\TheSeatLine\TheSeatLineApi\MasterServices\DTOs\CityDTOs.cs(7,23): warning CS8618: Non-nullable property 'Country' must contain a non-null value when exiting constructor. Consider adding the 'required' modifier or declaring the property as nullable. [D:\TheSeatLine\TheSeatLineApi\TheSeatLineApi.csproj]
D:\TheSeatLine\TheSeatLineApi\MasterServices\Controller\VenueController.cs(82,44): warning CS8625: Cannot convert null literal to non-nullable reference type. [D:\TheSeatLine\TheSeatLineApi\TheSeatLineApi.csproj]
D:\TheSeatLine\TheSeatLineApi\BookingServices\Controller\BookingController.cs(88,44): warning CS8625: Cannot convert null literal to non-nullable reference type. [D:\TheSeatLine\TheSeatLineApi\TheSeatLineApi.csproj]
D:\TheSeatLine\TheSeatLineApi\BookingServices\Controller\CouponController.cs(70,44): warning CS8625: Cannot convert null literal to non-nullable reference type. [D:\TheSeatLine\TheSeatLineApi\TheSeatLineApi.csproj]
D:\TheSeatLine\TheSeatLineApi\MasterServices\Controller\VenueController.cs(97,44): warning CS8625: Cannot convert null literal to non-nullable reference type. [D:\TheSeatLine\TheSeatLineApi\TheSeatLineApi.csproj]
D:\TheSeatLine\TheSeatLineApi\BookingServices\Controller\BookingController.cs(103,44): warning CS8625: Cannot convert null literal to non-nullable reference type. [D:\TheSeatLine\TheSeatLineApi\TheSeatLineApi.csproj]
D:\TheSeatLine\TheSeatLineApi\BookingServices\Controller\CouponController.cs(85,44): warning CS8625: Cannot convert null literal to non-nullable reference type. [D:\TheSeatLine\TheSeatLineApi\TheSeatLineApi.csproj]
D:\TheSeatLine\TheSeatLineApi\MasterServices\Controller\CityController.cs(51,44): warning CS8625: Cannot convert null literal to non-nullable reference type. [D:\TheSeatLine\TheSeatLineApi\TheSeatLineApi.csproj]
D:\TheSeatLine\TheSeatLineApi\MasterServices\Controller\EventController.cs(69,44): warning CS8625: Cannot convert null literal to non-nullable reference type. [D:\TheSeatLine\TheSeatLineApi\TheSeatLineApi.csproj]
D:\TheSeatLine\TheSeatLineApi\MasterServices\Controller\SeatController.cs(68,44): warning CS8625: Cannot convert null literal to non-nullable reference type. [D:\TheSeatLine\TheSeatLineApi\TheSeatLineApi.csproj]
D:\TheSeatLine\TheSeatLineApi\MasterServices\Controller\EventController.cs(84,44): warning CS8625: Cannot convert null literal to non-nullable reference type. [D:\TheSeatLine\TheSeatLineApi\TheSeatLineApi.csproj]
D:\TheSeatLine\TheSeatLineApi\MasterServices\Controller\SeatController.cs(83,44): warning CS8625: Cannot convert null literal to non-nullable reference type. [D:\TheSeatLine\TheSeatLineApi\TheSeatLineApi.csproj]
D:\TheSeatLine\TheSeatLineApi\AuthServices\Business\AuthBusiness.cs(142,87): warning CS8629: Nullable value type may be null. [D:\TheSeatLine\TheSeatLineApi\TheSeatLineApi.csproj]
D:\TheSeatLine\TheSeatLineApi\AuthServices\Business\AuthBusiness.cs(144,29): warning CS8629: Nullable value type may be null. [D:\TheSeatLine\TheSeatLineApi\TheSeatLineApi.csproj]
D:\TheSeatLine\TheSeatLineApi\MasterServices\Controller\ReviewController.cs(70,44): warning CS8625: Cannot convert null literal to non-nullable reference type. [D:\TheSeatLine\TheSeatLineApi\TheSeatLineApi.csproj]
D:\TheSeatLine\TheSeatLineApi\BookingServices\Business\PaymentBusiness.cs(54,41): error CS1061: 'Booking' does not contain a definition for 'BookingSeats' and no accessible extension method 'BookingSeats' accepting a first argument of type 'Booking' could be found (are you missing a using directive or an assembly reference?) [D:\TheSeatLine\TheSeatLineApi\TheSeatLineApi.csproj]
D:\TheSeatLine\TheSeatLineApi\BookingServices\Business\PaymentBusiness.cs(84,41): error CS1061: 'Booking' does not contain a definition for 'BookingSeats' and no accessible extension method 'BookingSeats' accepting a first argument of type 'Booking' could be found (are you missing a using directive or an assembly reference?) [D:\TheSeatLine\TheSeatLineApi\TheSeatLineApi.csproj]
D:\TheSeatLine\TheSeatLineApi\BookingServices\Business\BookingBusiness.cs(61,26): error CS1061: 'AppDbContext' does not contain a definition for 'BookingSeats' and no accessible extension method 'BookingSeats' accepting a first argument of type 'AppDbContext' could be found (are you missing a using directive or an assembly reference?) [D:\TheSeatLine\TheSeatLineApi\TheSeatLineApi.csproj]
D:\TheSeatLine\TheSeatLineApi\BookingServices\Business\BookingBusiness.cs(61,47): error CS0246: The type or namespace name 'BookingSeat' could not be found (are you missing a using directive or an assembly reference?) [D:\TheSeatLine\TheSeatLineApi\TheSeatLineApi.csproj]
D:\TheSeatLine\TheSeatLineApi\BookingServices\Business\BookingBusiness.cs(82,33): error CS1061: 'Booking' does not contain a definition for 'BookingSeats' and no accessible extension method 'BookingSeats' accepting a first argument of type 'Booking' could be found (are you missing a using directive or an assembly reference?) [D:\TheSeatLine\TheSeatLineApi\TheSeatLineApi.csproj]
D:\TheSeatLine\TheSeatLineApi\BookingServices\Business\BookingBusiness.cs(98,33): error CS1061: 'Booking' does not contain a definition for 'BookingSeats' and no accessible extension method 'BookingSeats' accepting a first argument of type 'Booking' could be found (are you missing a using directive or an assembly reference?) [D:\TheSeatLine\TheSeatLineApi\TheSeatLineApi.csproj]
D:\TheSeatLine\TheSeatLineApi\BookingServices\Business\BookingBusiness.cs(109,33): error CS1061: 'Booking' does not contain a definition for 'BookingSeats' and no accessible extension method 'BookingSeats' accepting a first argument of type 'Booking' could be found (are you missing a using directive or an assembly reference?) [D:\TheSeatLine\TheSeatLineApi\TheSeatLineApi.csproj]
D:\TheSeatLine\TheSeatLineApi\BookingServices\Business\BookingBusiness.cs(157,33): error CS1061: 'Booking' does not contain a definition for 'BookingSeats' and no accessible extension method 'BookingSeats' accepting a first argument of type 'Booking' could be found (are you missing a using directive or an assembly reference?) [D:\TheSeatLine\TheSeatLineApi\TheSeatLineApi.csproj]
    46 Warning(s)
    8 Error(s)

Time Elapsed 00:00:12.42
